../Core/Src/DEFINES_FUNCTIONS.h:204:10:low_pass_filter	16	static
../Core/Src/DEFINES_FUNCTIONS.h:225:6:MPU6050_Init	32	static
../Core/Src/DEFINES_FUNCTIONS.h:304:6:menu	16	static
../Core/Src/DEFINES_FUNCTIONS.h:365:6:print_accel	32	static
../Core/Src/DEFINES_FUNCTIONS.h:433:6:print_gyro	32	static
../Core/Src/DEFINES_FUNCTIONS.h:493:6:calibration	96	static
../Core/Src/DEFINES_FUNCTIONS.h:648:6:kalman_1d	40	static
../Core/Src/DEFINES_FUNCTIONS.h:694:6:MPU6050_Read_Measures	56	static
../Core/Src/DEFINES_FUNCTIONS.h:778:6:print_kalman	24	static
../Core/Src/DEFINES_FUNCTIONS.h:854:6:ultrassonico	16	static
../Core/Src/DEFINES_FUNCTIONS.h:928:6:print_ultrassonico	32	static
../Core/Src/main.c:83:5:main	8	static
../Core/Src/main.c:242:6:SystemClock_Config	88	static
../Core/Src/main.c:287:13:MX_ADC1_Init	24	static
../Core/Src/main.c:336:13:MX_I2C1_Init	8	static
../Core/Src/main.c:368:13:MX_TIM2_Init	32	static
../Core/Src/main.c:410:13:MX_TIM3_Init	32	static
../Core/Src/main.c:452:13:MX_USART2_UART_Init	8	static
../Core/Src/main.c:483:13:MX_GPIO_Init	40	static
../Core/Src/main.c:531:6:HAL_TIM_PeriodElapsedCallback	16	static
../Core/Src/main.c:541:6:Error_Handler	4	static,ignoring_inline_asm
